// Jest Snapshot v1, https://goo.gl/fbAQLP

exports[`<ApplicantCard /> shows the correct snapshot tree for the <ApplicationCards> module 1`] = `
.css-0,
[data-css-0] {
  position: relative;
  max-width: 1392px;
  margin-right: auto;
  margin-left: auto;
  padding-right: 8px;
  padding-bottom: 16px;
  padding-left: 8px;
}

.css-1,
[data-css-1] {
  display: grid;
  grid-template-columns: 1fr;
  grid-gap: 16px;
  -ms-grid-template-columns: 1fr;
  -ms-grid-gap: 16px;
}

.css-1> *,
[data-css-1]> * {
  min-width: 100%;
}

.css-2,
[data-css-2] {
  position: relative;
  min-width: 320px;
  height: 408px;
  border: 1px solid rgba(0, 0, 0, 0.2);
  box-shadow: 0 1px 3px 0 rgba(0, 0, 0, 0.2);
}

.css-3,
[data-css-3] {
  height: 4px;
  background-color: #4d4d4d;
}

.css-4,
[data-css-4] {
  display: -webkit-box;
  display: -moz-box;
  display: -ms-flexbox;
  display: -webkit-flex;
  display: flex;
  flex-direction: column;
  height: 160px;
  padding-right: 24px;
  padding-bottom: 16px;
  padding-left: 24px;
  background-color: #e5e5e5;
  -webkit-box-orient: vertical;
  -webkit-box-direction: normal;
  -webkit-flex-direction: column;
}

.css-5,
[data-css-5] {
  display: -webkit-box;
  display: -moz-box;
  display: -ms-flexbox;
  display: -webkit-flex;
  display: flex;
  flex-direction: column;
  font-size: 34px;
  font-weight: 200;
  color: #808080;
  margin-top: auto;
  -webkit-box-orient: vertical;
  -webkit-box-direction: normal;
  -webkit-flex-direction: column;
}

.css-6,
[data-css-6] {
  margin-top: 24px;
  padding-right: 24px;
  padding-left: 24px;
  color: #4d4d4d;
}

.css-7,
[data-css-7] {
  display: -webkit-box;
  display: -moz-box;
  display: -ms-flexbox;
  display: -webkit-flex;
  display: flex;
  flex-direction: column;
  margin-top: 8px;
  margin-bottom: 8px;
  color: currentColor;
  -webkit-box-orient: vertical;
  -webkit-box-direction: normal;
  -webkit-flex-direction: column;
}

.css-8,
[data-css-8] {
  font-size: 14px;
  font-weight: 600;
  text-transform: uppercase;
  color: currentColor;
}

.css-9,
[data-css-9] {
  display: -webkit-box;
  display: -moz-box;
  display: -ms-flexbox;
  display: -webkit-flex;
  display: flex;
  align-items: center;
  margin-left: 0;
  font-size: 16px;
  font-weight: 200;
  color: currentColor;
  -webkit-box-align: center;
  -webkit-align-items: center;
}

.css-10,
[data-css-10] {
  position: relative;
  z-index: 2;
  color: #35c5fc;
  text-decoration: none;
  transition: color 200ms;
  -webkit-transition: color 200ms;
  -moz-transition: color 200ms;
}

.css-11,
[data-css-11] {
  position: relative;
  z-index: 2;
  display: -webkit-box;
  display: -moz-box;
  display: -ms-flexbox;
  display: -webkit-flex;
  display: flex;
  flex-direction: column;
  margin-top: 24px;
  margin-bottom: 8px;
  -webkit-box-orient: vertical;
  -webkit-box-direction: normal;
  -webkit-flex-direction: column;
}

.css-12,
[data-css-12] {
  font-size: 14px;
  font-weight: 600;
  text-transform: uppercase;
  color: #999;
}

.css-13,
[data-css-13] {
  margin-top: 8px;
  margin-left: 0;
}

.css-14,
[data-css-14] {
  display: -webkit-box;
  display: -moz-box;
  display: -ms-flexbox;
  display: -webkit-flex;
  display: flex;
  align-items: center;
  margin-top: 8px;
  font-size: 14px;
  font-weight: 400;
  text-transform: uppercase;
  color: #4d4d4d;
  -webkit-box-align: center;
  -webkit-align-items: center;
}

.css-15,
[data-css-15] {
  margin-right: 8px;
}

.css-16,
[data-css-16] {
  position: absolute;
  top: 0;
  right: 0;
  bottom: 0;
  left: 0;
  z-index: 1;
  background-color: rgba(0, 0, 0, 0);
}

@media (min-width: 41em) {
  .css-1,
  [data-css-1] {
    grid-template-columns: 1fr 1fr;
    -ms-grid-template-columns: 1fr 1fr;
  }

  .css-1> *,
  [data-css-1]> * {
    min-width: 320px;
  }
}

@media (min-width: 62em) {
  .css-1,
  [data-css-1] {
    grid-template-columns: 1fr 1fr 1fr;
    -ms-grid-template-columns: 1fr 1fr 1fr;
  }
}

@media (min-width: 83em) {
  .css-1,
  [data-css-1] {
    grid-template-columns: 1fr 1fr 1fr 1fr;
    -ms-grid-template-columns: 1fr 1fr 1fr 1fr;
  }
}

<div
  className="css-0"
>
  <section
    className="css-1"
  >
    <div
      className="css-2"
    >
      <div
        className="css-3"
      />
      <header
        className="css-4"
      >
        <h2
          className="css-5"
        >
          <span>
            Kenny
             
          </span>
          <span>
            Bania
          </span>
        </h2>
      </header>
      <div
        className="css-6"
      >
        <dl
          className="css-7"
        >
          <dt
            className="css-8"
          >
            Email Address
          </dt>
          <dd
            className="css-9"
          >
            <a
              className="css-10"
              href="mailto:kenny.bania@example.com"
              rel="noopener noreferrer"
              target="_blank"
            >
              kenny.bania@example.com
            </a>
          </dd>
        </dl>
        <dl
          className="css-7"
        >
          <dt
            className="css-8"
          >
            Login
          </dt>
          <dd
            className="css-9"
          >
            <a
              className="css-10"
              href="https://github.com/kennyBania"
              rel="noopener noreferrer"
              target="_blank"
            >
              kennyBania
            </a>
          </dd>
        </dl>
        <dl
          className="css-11"
        >
          <dt
            className="css-12"
          >
            Application Status
          </dt>
          <dd
            className="css-13"
          >
            <span
              className="css-14"
            >
              <svg
                className="css-15"
                height={32}
                viewBox="0 0 24 24"
                width={32}
              >
                <g
                  fill="currentColor"
                >
                  <path
                    d="M24,0 C24,0 23.4836048,9.80252996 16.4820958,15.2719707 L16.4128111,19.0346251 L11.4820194,24 L11.4746834,20.2882431 L9.63105705,18.6292449 C8.29671435,22.7691304 1.26439406,22.7691304 1.26439406,22.7691304 C1.26439406,22.7691304 1.26439406,16.3396736 5.58319762,14.4450082 L3.94220876,12.6079505 L-2.84217094e-14,12.6079505 L5.07440302,7.66843342 L8.7285621,7.58627726 C14.4472436,0.671411685 24,0 24,0 Z M16.425,10.1644246 C17.8333261,10.1644246 18.975,9.01830529 18.975,7.60449544 C18.975,6.19068562 17.8333261,5.0445663 16.425,5.0445663 C15.0166739,5.0445663 13.875,6.19068562 13.875,7.60449544 C13.875,9.01830529 15.0166739,10.1644246 16.425,10.1644246 Z"
                  />
                </g>
              </svg>
              Pending
            </span>
          </dd>
        </dl>
      </div>
      <a
        className="css-16"
        href="/application/1"
        onClick={[Function]}
      />
    </div>
    <div
      className="css-2"
    >
      <div
        className="css-3"
      />
      <header
        className="css-4"
      >
        <h2
          className="css-5"
        >
          <span>
            Robert
             
          </span>
          <span>
            Sacamano
          </span>
        </h2>
      </header>
      <div
        className="css-6"
      >
        <dl
          className="css-7"
        >
          <dt
            className="css-8"
          >
            Email Address
          </dt>
          <dd
            className="css-9"
          >
            <a
              className="css-10"
              href="mailto:kenny.bania@example.com"
              rel="noopener noreferrer"
              target="_blank"
            >
              kenny.bania@example.com
            </a>
          </dd>
        </dl>
        <dl
          className="css-7"
        >
          <dt
            className="css-8"
          >
            Login
          </dt>
          <dd
            className="css-9"
          >
            <a
              className="css-10"
              href="https://github.com/robertSacamano"
              rel="noopener noreferrer"
              target="_blank"
            >
              robertSacamano
            </a>
          </dd>
        </dl>
        <dl
          className="css-11"
        >
          <dt
            className="css-12"
          >
            Application Status
          </dt>
          <dd
            className="css-13"
          >
            <span
              className="css-14"
            >
              <svg
                className="css-15"
                height={32}
                viewBox="0 0 24 24"
                width={32}
              >
                <g
                  fill="currentColor"
                >
                  <path
                    d="M24,0 C24,0 23.4836048,9.80252996 16.4820958,15.2719707 L16.4128111,19.0346251 L11.4820194,24 L11.4746834,20.2882431 L9.63105705,18.6292449 C8.29671435,22.7691304 1.26439406,22.7691304 1.26439406,22.7691304 C1.26439406,22.7691304 1.26439406,16.3396736 5.58319762,14.4450082 L3.94220876,12.6079505 L-2.84217094e-14,12.6079505 L5.07440302,7.66843342 L8.7285621,7.58627726 C14.4472436,0.671411685 24,0 24,0 Z M16.425,10.1644246 C17.8333261,10.1644246 18.975,9.01830529 18.975,7.60449544 C18.975,6.19068562 17.8333261,5.0445663 16.425,5.0445663 C15.0166739,5.0445663 13.875,6.19068562 13.875,7.60449544 C13.875,9.01830529 15.0166739,10.1644246 16.425,10.1644246 Z"
                  />
                </g>
              </svg>
              Pending
            </span>
          </dd>
        </dl>
      </div>
      <a
        className="css-16"
        href="/application/22"
        onClick={[Function]}
      />
    </div>
  </section>
</div>
`;
