// Jest Snapshot v1, https://goo.gl/fbAQLP

exports[`<NavBar /> shows the correct snapshot tree for the <NavBar> module 1`] = `
.css-0,
[data-css-0] {
  height: 112px;
  background-color: #fff;
}

.css-1,
[data-css-1] {
  display: -webkit-box;
  display: -moz-box;
  display: -ms-flexbox;
  display: -webkit-flex;
  display: flex;
  justify-content: space-between;
  align-items: center;
  max-width: 1392px;
  height: 100%;
  margin-left: auto;
  margin-right: auto;
  padding-right: 8px;
  padding-left: 8px;
  -webkit-box-pack: justify;
  -webkit-justify-content: space-between;
  -webkit-box-align: center;
  -webkit-align-items: center;
}

.css-2,
[data-css-2] {
  display: -webkit-box;
  display: -moz-box;
  display: -ms-flexbox;
  display: -webkit-flex;
  display: flex;
  align-items: center;
  height: 100%;
  -webkit-box-align: center;
  -webkit-align-items: center;
}

.css-3,
[data-css-3] {
  color: #999;
}

.css-4,
[data-css-4] {
  font-size: 14px;
  color: #808080;
  margin-right: 40px;
}

.css-5,
[data-css-5] {
  position: relative;
  z-index: 2;
  color: #35c5fc;
  text-decoration: none;
  transition: color 200ms;
  -webkit-transition: color 200ms;
  -moz-transition: color 200ms;
}

<nav
  className="css-0"
>
  <div
    className="css-1"
  >
    <div
      className="css-2"
    >
      <button
        className="css-3"
        onClick={[Function]}
        role="button"
      >
        <svg
          className="css-nil"
          height={24}
          viewBox="0 0 16 30"
          width={12}
        >
          <g
            fill="none"
            fillRule="evenodd"
            stroke="currentColor"
            strokeLinecap="round"
            strokeLinejoin="round"
            transform="translate(-8.000000, -1.000000)"
          >
            <polyline
              points="23 31 9 16.7142331 23 1"
            />
          </g>
        </svg>
      </button>
    </div>
    <div
      className="css-2"
    >
      <span
        className="css-4"
      >
        <span>
          <span
            aria-label="hi"
            role="img"
          >
            ðŸ‘‹
          </span>
           Jeff Casimir
        </span>
        <span>
           / 
        </span>
        <a
          className="css-5"
          href="/login"
          onClick={[Function]}
        >
          Logout
        </a>
      </span>
      <a
        className="css-nil"
        href="/"
        onClick={[Function]}
      >
        <img
          alt="turing school mark"
          height={48}
          src="/turing-school-mark-256.png"
          width={48}
        />
      </a>
    </div>
  </div>
</nav>
`;
