// Jest Snapshot v1, https://goo.gl/fbAQLP

exports[`<StatusBar /> shows the correct snapshot tree for the <StatusBar> element 1`] = `
.css-0,
[data-css-0] {
  height: 4px;
  background-color: #4d4d4d;
}

<div
  className="css-0"
/>
`;
